Release 14.7 - xst P.20131013 (nt)
Copyright (c) 1995-2013 Xilinx, Inc.  All rights reserved.
--> Parameter TMPDIR set to xst/projnav.tmp


Total REAL time to Xst completion: 0.00 secs
Total CPU time to Xst completion: 0.13 secs
 
--> Parameter xsthdpdir set to xst


Total REAL time to Xst completion: 0.00 secs
Total CPU time to Xst completion: 0.13 secs
 
--> Reading design: register_file16.prj

TABLE OF CONTENTS
  1) Synthesis Options Summary
  2) HDL Compilation
  3) Design Hierarchy Analysis
  4) HDL Analysis
  5) HDL Synthesis
     5.1) HDL Synthesis Report
  6) Advanced HDL Synthesis
     6.1) Advanced HDL Synthesis Report
  7) Low Level Synthesis
  8) Partition Report
  9) Final Report
	9.1) Device utilization summary
	9.2) Partition Resource Summary
	9.3) TIMING REPORT


=========================================================================
*                      Synthesis Options Summary                        *
=========================================================================
---- Source Parameters
Input File Name                    : "register_file16.prj"
Input Format                       : mixed
Ignore Synthesis Constraint File   : NO

---- Target Parameters
Output File Name                   : "register_file16"
Output Format                      : NGC
Target Device                      : xc3s100e-5-vq100

---- Source Options
Top Module Name                    : register_file16
Automatic FSM Extraction           : YES
FSM Encoding Algorithm             : Auto
Safe Implementation                : No
FSM Style                          : LUT
RAM Extraction                     : Yes
RAM Style                          : Auto
ROM Extraction                     : Yes
Mux Style                          : Auto
Decoder Extraction                 : YES
Priority Encoder Extraction        : Yes
Shift Register Extraction          : YES
Logical Shifter Extraction         : YES
XOR Collapsing                     : YES
ROM Style                          : Auto
Mux Extraction                     : Yes
Resource Sharing                   : YES
Asynchronous To Synchronous        : NO
Multiplier Style                   : Auto
Automatic Register Balancing       : No

---- Target Options
Add IO Buffers                     : YES
Global Maximum Fanout              : 100000
Add Generic Clock Buffer(BUFG)     : 24
Register Duplication               : YES
Slice Packing                      : YES
Optimize Instantiated Primitives   : NO
Use Clock Enable                   : Yes
Use Synchronous Set                : Yes
Use Synchronous Reset              : Yes
Pack IO Registers into IOBs        : Auto
Equivalent register Removal        : YES

---- General Options
Optimization Goal                  : Speed
Optimization Effort                : 1
Keep Hierarchy                     : No
Netlist Hierarchy                  : As_Optimized
RTL Output                         : Yes
Global Optimization                : AllClockNets
Read Cores                         : YES
Write Timing Constraints           : NO
Cross Clock Analysis               : NO
Hierarchy Separator                : /
Bus Delimiter                      : <>
Case Specifier                     : Maintain
Slice Utilization Ratio            : 100
BRAM Utilization Ratio             : 100
Verilog 2001                       : YES
Auto BRAM Packing                  : NO
Slice Utilization Ratio Delta      : 5

=========================================================================


=========================================================================
*                          HDL Compilation                              *
=========================================================================
Compiling verilog file "Test_Tree.v" in library work
Module <register_file16> compiled
No errors in compilation
Analysis of file <"register_file16.prj"> succeeded.
 

=========================================================================
*                     Design Hierarchy Analysis                         *
=========================================================================
Analyzing hierarchy for module <register_file16> in library <work>.


=========================================================================
*                            HDL Analysis                               *
=========================================================================
Analyzing top module <register_file16>.
Module <register_file16> is correct for synthesis.
 

=========================================================================
*                           HDL Synthesis                               *
=========================================================================

Performing bidirectional port resolution...

Synthesizing Unit <register_file16>.
    Related source file is "Test_Tree.v".
    Found 16-bit 16-to-1 multiplexer for signal <$varindex0000> created at line 45.
    Found 16-bit 16-to-1 multiplexer for signal <$varindex0001> created at line 46.
    Found 256-bit register for signal <mem>.
INFO:Xst:738 - HDL ADVISOR - 256 flip-flops were inferred for signal <mem>. You may be trying to describe a RAM in a way that is incompatible with block and distributed RAM resources available on Xilinx devices, or with a specific template that is not supported. Please review the Xilinx resources documentation and the XST user manual for coding guidelines. Taking advantage of RAM resources will lead to improved device usage and reduced synthesis time.
    Summary:
	inferred 256 D-type flip-flop(s).
	inferred  32 Multiplexer(s).
Unit <register_file16> synthesized.


=========================================================================
HDL Synthesis Report

Macro Statistics
# Registers                                            : 16
 16-bit register                                       : 16
# Multiplexers                                         : 2
 16-bit 16-to-1 multiplexer                            : 2

=========================================================================

=========================================================================
*                       Advanced HDL Synthesis                          *
=========================================================================


=========================================================================
Advanced HDL Synthesis Report

Macro Statistics
# Registers                                            : 256
 Flip-Flops                                            : 256
# Multiplexers                                         : 32
 1-bit 16-to-1 multiplexer                             : 32

=========================================================================

=========================================================================
*                         Low Level Synthesis                           *
=========================================================================

Optimizing unit <register_file16> ...
WARNING:Xst:1710 - FF/Latch <mem_10_15> (without init value) has a constant value of 0 in block <register_file16>. This FF/Latch will be trimmed during the optimization process.
WARNING:Xst:1895 - Due to other FF/Latch trimming, FF/Latch <mem_10_14> (without init value) has a constant value of 0 in block <register_file16>. This FF/Latch will be trimmed during the optimization process.
WARNING:Xst:1895 - Due to other FF/Latch trimming, FF/Latch <mem_10_13> (without init value) has a constant value of 0 in block <register_file16>. This FF/Latch will be trimmed during the optimization process.
WARNING:Xst:1895 - Due to other FF/Latch trimming, FF/Latch <mem_10_12> (without init value) has a constant value of 0 in block <register_file16>. This FF/Latch will be trimmed during the optimization process.
WARNING:Xst:1895 - Due to other FF/Latch trimming, FF/Latch <mem_10_11> (without init value) has a constant value of 0 in block <register_file16>. This FF/Latch will be trimmed during the optimization process.
WARNING:Xst:1895 - Due to other FF/Latch trimming, FF/Latch <mem_10_10> (without init value) has a constant value of 0 in block <register_file16>. This FF/Latch will be trimmed during the optimization process.
WARNING:Xst:1895 - Due to other FF/Latch trimming, FF/Latch <mem_10_9> (without init value) has a constant value of 0 in block <register_file16>. This FF/Latch will be trimmed during the optimization process.
WARNING:Xst:1895 - Due to other FF/Latch trimming, FF/Latch <mem_10_8> (without init value) has a constant value of 0 in block <register_file16>. This FF/Latch will be trimmed during the optimization process.
WARNING:Xst:1895 - Due to other FF/Latch trimming, FF/Latch <mem_10_7> (without init value) has a constant value of 0 in block <register_file16>. This FF/Latch will be trimmed during the optimization process.
WARNING:Xst:1895 - Due to other FF/Latch trimming, FF/Latch <mem_10_6> (without init value) has a constant value of 0 in block <register_file16>. This FF/Latch will be trimmed during the optimization process.
WARNING:Xst:1895 - Due to other FF/Latch trimming, FF/Latch <mem_10_5> (without init value) has a constant value of 0 in block <register_file16>. This FF/Latch will be trimmed during the optimization process.
WARNING:Xst:1895 - Due to other FF/Latch trimming, FF/Latch <mem_10_4> (without init value) has a constant value of 0 in block <register_file16>. This FF/Latch will be trimmed during the optimization process.
WARNING:Xst:1895 - Due to other FF/Latch trimming, FF/Latch <mem_10_3> (without init value) has a constant value of 0 in block <register_file16>. This FF/Latch will be trimmed during the optimization process.
WARNING:Xst:1895 - Due to other FF/Latch trimming, FF/Latch <mem_10_2> (without init value) has a constant value of 0 in block <register_file16>. This FF/Latch will be trimmed during the optimization process.
WARNING:Xst:1895 - Due to other FF/Latch trimming, FF/Latch <mem_10_1> (without init value) has a constant value of 0 in block <register_file16>. This FF/Latch will be trimmed during the optimization process.
WARNING:Xst:1895 - Due to other FF/Latch trimming, FF/Latch <mem_10_0> (without init value) has a constant value of 0 in block <register_file16>. This FF/Latch will be trimmed during the optimization process.
WARNING:Xst:1895 - Due to other FF/Latch trimming, FF/Latch <mem_8_15> (without init value) has a constant value of 0 in block <register_file16>. This FF/Latch will be trimmed during the optimization process.
WARNING:Xst:1895 - Due to other FF/Latch trimming, FF/Latch <mem_8_14> (without init value) has a constant value of 0 in block <register_file16>. This FF/Latch will be trimmed during the optimization process.
WARNING:Xst:1895 - Due to other FF/Latch trimming, FF/Latch <mem_8_13> (without init value) has a constant value of 0 in block <register_file16>. This FF/Latch will be trimmed during the optimization process.
WARNING:Xst:1895 - Due to other FF/Latch trimming, FF/Latch <mem_8_12> (without init value) has a constant value of 0 in block <register_file16>. This FF/Latch will be trimmed during the optimization process.
WARNING:Xst:1895 - Due to other FF/Latch trimming, FF/Latch <mem_8_11> (without init value) has a constant value of 0 in block <register_file16>. This FF/Latch will be trimmed during the optimization process.
WARNING:Xst:1895 - Due to other FF/Latch trimming, FF/Latch <mem_8_10> (without init value) has a constant value of 0 in block <register_file16>. This FF/Latch will be trimmed during the optimization process.
WARNING:Xst:1895 - Due to other FF/Latch trimming, FF/Latch <mem_8_9> (without init value) has a constant value of 0 in block <register_file16>. This FF/Latch will be trimmed during the optimization process.
WARNING:Xst:1895 - Due to other FF/Latch trimming, FF/Latch <mem_8_8> (without init value) has a constant value of 0 in block <register_file16>. This FF/Latch will be trimmed during the optimization process.
WARNING:Xst:1895 - Due to other FF/Latch trimming, FF/Latch <mem_8_7> (without init value) has a constant value of 0 in block <register_file16>. This FF/Latch will be trimmed during the optimization process.
WARNING:Xst:1895 - Due to other FF/Latch trimming, FF/Latch <mem_8_6> (without init value) has a constant value of 0 in block <register_file16>. This FF/Latch will be trimmed during the optimization process.
WARNING:Xst:1895 - Due to other FF/Latch trimming, FF/Latch <mem_8_5> (without init value) has a constant value of 0 in block <register_file16>. This FF/Latch will be trimmed during the optimization process.
WARNING:Xst:1895 - Due to other FF/Latch trimming, FF/Latch <mem_8_4> (without init value) has a constant value of 0 in block <register_file16>. This FF/Latch will be trimmed during the optimization process.
WARNING:Xst:1895 - Due to other FF/Latch trimming, FF/Latch <mem_8_3> (without init value) has a constant value of 0 in block <register_file16>. This FF/Latch will be trimmed during the optimization process.
WARNING:Xst:1895 - Due to other FF/Latch trimming, FF/Latch <mem_8_2> (without init value) has a constant value of 0 in block <register_file16>. This FF/Latch will be trimmed during the optimization process.
WARNING:Xst:1895 - Due to other FF/Latch trimming, FF/Latch <mem_8_1> (without init value) has a constant value of 0 in block <register_file16>. This FF/Latch will be trimmed during the optimization process.
WARNING:Xst:1895 - Due to other FF/Latch trimming, FF/Latch <mem_8_0> (without init value) has a constant value of 0 in block <register_file16>. This FF/Latch will be trimmed during the optimization process.
WARNING:Xst:1895 - Due to other FF/Latch trimming, FF/Latch <mem_14_15> (without init value) has a constant value of 0 in block <register_file16>. This FF/Latch will be trimmed during the optimization process.
WARNING:Xst:1895 - Due to other FF/Latch trimming, FF/Latch <mem_14_14> (without init value) has a constant value of 0 in block <register_file16>. This FF/Latch will be trimmed during the optimization process.
WARNING:Xst:1895 - Due to other FF/Latch trimming, FF/Latch <mem_14_13> (without init value) has a constant value of 0 in block <register_file16>. This FF/Latch will be trimmed during the optimization process.
WARNING:Xst:1895 - Due to other FF/Latch trimming, FF/Latch <mem_14_12> (without init value) has a constant value of 0 in block <register_file16>. This FF/Latch will be trimmed during the optimization process.
WARNING:Xst:1895 - Due to other FF/Latch trimming, FF/Latch <mem_14_11> (without init value) has a constant value of 0 in block <register_file16>. This FF/Latch will be trimmed during the optimization process.
WARNING:Xst:1895 - Due to other FF/Latch trimming, FF/Latch <mem_14_10> (without init value) has a constant value of 0 in block <register_file16>. This FF/Latch will be trimmed during the optimization process.
WARNING:Xst:1895 - Due to other FF/Latch trimming, FF/Latch <mem_14_9> (without init value) has a constant value of 0 in block <register_file16>. This FF/Latch will be trimmed during the optimization process.
WARNING:Xst:1895 - Due to other FF/Latch trimming, FF/Latch <mem_14_8> (without init value) has a constant value of 0 in block <register_file16>. This FF/Latch will be trimmed during the optimization process.
WARNING:Xst:1895 - Due to other FF/Latch trimming, FF/Latch <mem_14_7> (without init value) has a constant value of 0 in block <register_file16>. This FF/Latch will be trimmed during the optimization process.
WARNING:Xst:1895 - Due to other FF/Latch trimming, FF/Latch <mem_14_6> (without init value) has a constant value of 0 in block <register_file16>. This FF/Latch will be trimmed during the optimization process.
WARNING:Xst:1895 - Due to other FF/Latch trimming, FF/Latch <mem_14_5> (without init value) has a constant value of 0 in block <register_file16>. This FF/Latch will be trimmed during the optimization process.
WARNING:Xst:1895 - Due to other FF/Latch trimming, FF/Latch <mem_14_4> (without init value) has a constant value of 0 in block <register_file16>. This FF/Latch will be trimmed during the optimization process.
WARNING:Xst:1895 - Due to other FF/Latch trimming, FF/Latch <mem_14_3> (without init value) has a constant value of 0 in block <register_file16>. This FF/Latch will be trimmed during the optimization process.
WARNING:Xst:1895 - Due to other FF/Latch trimming, FF/Latch <mem_14_2> (without init value) has a constant value of 0 in block <register_file16>. This FF/Latch will be trimmed during the optimization process.
WARNING:Xst:1895 - Due to other FF/Latch trimming, FF/Latch <mem_14_1> (without init value) has a constant value of 0 in block <register_file16>. This FF/Latch will be trimmed during the optimization process.
WARNING:Xst:1895 - Due to other FF/Latch trimming, FF/Latch <mem_14_0> (without init value) has a constant value of 0 in block <register_file16>. This FF/Latch will be trimmed during the optimization process.
WARNING:Xst:1895 - Due to other FF/Latch trimming, FF/Latch <mem_12_15> (without init value) has a constant value of 0 in block <register_file16>. This FF/Latch will be trimmed during the optimization process.
WARNING:Xst:1895 - Due to other FF/Latch trimming, FF/Latch <mem_12_14> (without init value) has a constant value of 0 in block <register_file16>. This FF/Latch will be trimmed during the optimization process.
WARNING:Xst:1895 - Due to other FF/Latch trimming, FF/Latch <mem_12_13> (without init value) has a constant value of 0 in block <register_file16>. This FF/Latch will be trimmed during the optimization process.
WARNING:Xst:1895 - Due to other FF/Latch trimming, FF/Latch <mem_12_12> (without init value) has a constant value of 0 in block <register_file16>. This FF/Latch will be trimmed during the optimization process.
WARNING:Xst:1895 - Due to other FF/Latch trimming, FF/Latch <mem_12_11> (without init value) has a constant value of 0 in block <register_file16>. This FF/Latch will be trimmed during the optimization process.
WARNING:Xst:1895 - Due to other FF/Latch trimming, FF/Latch <mem_12_10> (without init value) has a constant value of 0 in block <register_file16>. This FF/Latch will be trimmed during the optimization process.
WARNING:Xst:1895 - Due to other FF/Latch trimming, FF/Latch <mem_12_9> (without init value) has a constant value of 0 in block <register_file16>. This FF/Latch will be trimmed during the optimization process.
WARNING:Xst:1895 - Due to other FF/Latch trimming, FF/Latch <mem_12_8> (without init value) has a constant value of 0 in block <register_file16>. This FF/Latch will be trimmed during the optimization process.
WARNING:Xst:1895 - Due to other FF/Latch trimming, FF/Latch <mem_12_7> (without init value) has a constant value of 0 in block <register_file16>. This FF/Latch will be trimmed during the optimization process.
WARNING:Xst:1895 - Due to other FF/Latch trimming, FF/Latch <mem_12_6> (without init value) has a constant value of 0 in block <register_file16>. This FF/Latch will be trimmed during the optimization process.
WARNING:Xst:1895 - Due to other FF/Latch trimming, FF/Latch <mem_12_5> (without init value) has a constant value of 0 in block <register_file16>. This FF/Latch will be trimmed during the optimization process.
WARNING:Xst:1895 - Due to other FF/Latch trimming, FF/Latch <mem_12_4> (without init value) has a constant value of 0 in block <register_file16>. This FF/Latch will be trimmed during the optimization process.
WARNING:Xst:1895 - Due to other FF/Latch trimming, FF/Latch <mem_12_3> (without init value) has a constant value of 0 in block <register_file16>. This FF/Latch will be trimmed during the optimization process.
WARNING:Xst:1895 - Due to other FF/Latch trimming, FF/Latch <mem_12_2> (without init value) has a constant value of 0 in block <register_file16>. This FF/Latch will be trimmed during the optimization process.
WARNING:Xst:1895 - Due to other FF/Latch trimming, FF/Latch <mem_12_1> (without init value) has a constant value of 0 in block <register_file16>. This FF/Latch will be trimmed during the optimization process.
WARNING:Xst:1895 - Due to other FF/Latch trimming, FF/Latch <mem_12_0> (without init value) has a constant value of 0 in block <register_file16>. This FF/Latch will be trimmed during the optimization process.
WARNING:Xst:1895 - Due to other FF/Latch trimming, FF/Latch <mem_0_15> (without init value) has a constant value of 0 in block <register_file16>. This FF/Latch will be trimmed during the optimization process.
WARNING:Xst:1895 - Due to other FF/Latch trimming, FF/Latch <mem_0_14> (without init value) has a constant value of 0 in block <register_file16>. This FF/Latch will be trimmed during the optimization process.
WARNING:Xst:1895 - Due to other FF/Latch trimming, FF/Latch <mem_0_13> (without init value) has a constant value of 0 in block <register_file16>. This FF/Latch will be trimmed during the optimization process.
WARNING:Xst:1895 - Due to other FF/Latch trimming, FF/Latch <mem_0_12> (without init value) has a constant value of 0 in block <register_file16>. This FF/Latch will be trimmed during the optimization process.
WARNING:Xst:1895 - Due to other FF/Latch trimming, FF/Latch <mem_0_11> (without init value) has a constant value of 0 in block <register_file16>. This FF/Latch will be trimmed during the optimization process.
WARNING:Xst:1895 - Due to other FF/Latch trimming, FF/Latch <mem_0_10> (without init value) has a constant value of 0 in block <register_file16>. This FF/Latch will be trimmed during the optimization process.
WARNING:Xst:1895 - Due to other FF/Latch trimming, FF/Latch <mem_0_9> (without init value) has a constant value of 0 in block <register_file16>. This FF/Latch will be trimmed during the optimization process.
WARNING:Xst:1895 - Due to other FF/Latch trimming, FF/Latch <mem_0_8> (without init value) has a constant value of 0 in block <register_file16>. This FF/Latch will be trimmed during the optimization process.
WARNING:Xst:1895 - Due to other FF/Latch trimming, FF/Latch <mem_0_7> (without init value) has a constant value of 0 in block <register_file16>. This FF/Latch will be trimmed during the optimization process.
WARNING:Xst:1895 - Due to other FF/Latch trimming, FF/Latch <mem_0_6> (without init value) has a constant value of 0 in block <register_file16>. This FF/Latch will be trimmed during the optimization process.
WARNING:Xst:1895 - Due to other FF/Latch trimming, FF/Latch <mem_0_5> (without init value) has a constant value of 0 in block <register_file16>. This FF/Latch will be trimmed during the optimization process.
WARNING:Xst:1895 - Due to other FF/Latch trimming, FF/Latch <mem_0_4> (without init value) has a constant value of 0 in block <register_file16>. This FF/Latch will be trimmed during the optimization process.
WARNING:Xst:1895 - Due to other FF/Latch trimming, FF/Latch <mem_0_3> (without init value) has a constant value of 0 in block <register_file16>. This FF/Latch will be trimmed during the optimization process.
WARNING:Xst:1895 - Due to other FF/Latch trimming, FF/Latch <mem_0_2> (without init value) has a constant value of 0 in block <register_file16>. This FF/Latch will be trimmed during the optimization process.
WARNING:Xst:1895 - Due to other FF/Latch trimming, FF/Latch <mem_0_1> (without init value) has a constant value of 0 in block <register_file16>. This FF/Latch will be trimmed during the optimization process.
WARNING:Xst:1895 - Due to other FF/Latch trimming, FF/Latch <mem_0_0> (without init value) has a constant value of 0 in block <register_file16>. This FF/Latch will be trimmed during the optimization process.
WARNING:Xst:1895 - Due to other FF/Latch trimming, FF/Latch <mem_2_15> (without init value) has a constant value of 0 in block <register_file16>. This FF/Latch will be trimmed during the optimization process.
WARNING:Xst:1895 - Due to other FF/Latch trimming, FF/Latch <mem_2_14> (without init value) has a constant value of 0 in block <register_file16>. This FF/Latch will be trimmed during the optimization process.
WARNING:Xst:1895 - Due to other FF/Latch trimming, FF/Latch <mem_2_13> (without init value) has a constant value of 0 in block <register_file16>. This FF/Latch will be trimmed during the optimization process.
WARNING:Xst:1895 - Due to other FF/Latch trimming, FF/Latch <mem_2_12> (without init value) has a constant value of 0 in block <register_file16>. This FF/Latch will be trimmed during the optimization process.
WARNING:Xst:1895 - Due to other FF/Latch trimming, FF/Latch <mem_2_11> (without init value) has a constant value of 0 in block <register_file16>. This FF/Latch will be trimmed during the optimization process.
WARNING:Xst:1895 - Due to other FF/Latch trimming, FF/Latch <mem_2_10> (without init value) has a constant value of 0 in block <register_file16>. This FF/Latch will be trimmed during the optimization process.
WARNING:Xst:1895 - Due to other FF/Latch trimming, FF/Latch <mem_2_9> (without init value) has a constant value of 0 in block <register_file16>. This FF/Latch will be trimmed during the optimization process.
WARNING:Xst:1895 - Due to other FF/Latch trimming, FF/Latch <mem_2_8> (without init value) has a constant value of 0 in block <register_file16>. This FF/Latch will be trimmed during the optimization process.
WARNING:Xst:1895 - Due to other FF/Latch trimming, FF/Latch <mem_2_7> (without init value) has a constant value of 0 in block <register_file16>. This FF/Latch will be trimmed during the optimization process.
WARNING:Xst:1895 - Due to other FF/Latch trimming, FF/Latch <mem_2_6> (without init value) has a constant value of 0 in block <register_file16>. This FF/Latch will be trimmed during the optimization process.
WARNING:Xst:1895 - Due to other FF/Latch trimming, FF/Latch <mem_2_5> (without init value) has a constant value of 0 in block <register_file16>. This FF/Latch will be trimmed during the optimization process.
WARNING:Xst:1895 - Due to other FF/Latch trimming, FF/Latch <mem_2_4> (without init value) has a constant value of 0 in block <register_file16>. This FF/Latch will be trimmed during the optimization process.
WARNING:Xst:1895 - Due to other FF/Latch trimming, FF/Latch <mem_2_3> (without init value) has a constant value of 0 in block <register_file16>. This FF/Latch will be trimmed during the optimization process.
WARNING:Xst:1895 - Due to other FF/Latch trimming, FF/Latch <mem_2_2> (without init value) has a constant value of 0 in block <register_file16>. This FF/Latch will be trimmed during the optimization process.
WARNING:Xst:1895 - Due to other FF/Latch trimming, FF/Latch <mem_2_1> (without init value) has a constant value of 0 in block <register_file16>. This FF/Latch will be trimmed during the optimization process.
WARNING:Xst:1895 - Due to other FF/Latch trimming, FF/Latch <mem_2_0> (without init value) has a constant value of 0 in block <register_file16>. This FF/Latch will be trimmed during the optimization process.
WARNING:Xst:1895 - Due to other FF/Latch trimming, FF/Latch <mem_6_15> (without init value) has a constant value of 0 in block <register_file16>. This FF/Latch will be trimmed during the optimization process.
WARNING:Xst:1895 - Due to other FF/Latch trimming, FF/Latch <mem_6_14> (without init value) has a constant value of 0 in block <register_file16>. This FF/Latch will be trimmed during the optimization process.
WARNING:Xst:1895 - Due to other FF/Latch trimming, FF/Latch <mem_6_13> (without init value) has a constant value of 0 in block <register_file16>. This FF/Latch will be trimmed during the optimization process.
WARNING:Xst:1895 - Due to other FF/Latch trimming, FF/Latch <mem_6_12> (without init value) has a constant value of 0 in block <register_file16>. This FF/Latch will be trimmed during the optimization process.
WARNING:Xst:1895 - Due to other FF/Latch trimming, FF/Latch <mem_6_11> (without init value) has a constant value of 0 in block <register_file16>. This FF/Latch will be trimmed during the optimization process.
WARNING:Xst:1895 - Due to other FF/Latch trimming, FF/Latch <mem_6_10> (without init value) has a constant value of 0 in block <register_file16>. This FF/Latch will be trimmed during the optimization process.
WARNING:Xst:1895 - Due to other FF/Latch trimming, FF/Latch <mem_6_9> (without init value) has a constant value of 0 in block <register_file16>. This FF/Latch will be trimmed during the optimization process.
WARNING:Xst:1895 - Due to other FF/Latch trimming, FF/Latch <mem_6_8> (without init value) has a constant value of 0 in block <register_file16>. This FF/Latch will be trimmed during the optimization process.
WARNING:Xst:1895 - Due to other FF/Latch trimming, FF/Latch <mem_6_7> (without init value) has a constant value of 0 in block <register_file16>. This FF/Latch will be trimmed during the optimization process.
WARNING:Xst:1895 - Due to other FF/Latch trimming, FF/Latch <mem_6_6> (without init value) has a constant value of 0 in block <register_file16>. This FF/Latch will be trimmed during the optimization process.
WARNING:Xst:1895 - Due to other FF/Latch trimming, FF/Latch <mem_6_5> (without init value) has a constant value of 0 in block <register_file16>. This FF/Latch will be trimmed during the optimization process.
WARNING:Xst:1895 - Due to other FF/Latch trimming, FF/Latch <mem_6_4> (without init value) has a constant value of 0 in block <register_file16>. This FF/Latch will be trimmed during the optimization process.
WARNING:Xst:1895 - Due to other FF/Latch trimming, FF/Latch <mem_6_3> (without init value) has a constant value of 0 in block <register_file16>. This FF/Latch will be trimmed during the optimization process.
WARNING:Xst:1895 - Due to other FF/Latch trimming, FF/Latch <mem_6_2> (without init value) has a constant value of 0 in block <register_file16>. This FF/Latch will be trimmed during the optimization process.
WARNING:Xst:1895 - Due to other FF/Latch trimming, FF/Latch <mem_6_1> (without init value) has a constant value of 0 in block <register_file16>. This FF/Latch will be trimmed during the optimization process.
WARNING:Xst:1895 - Due to other FF/Latch trimming, FF/Latch <mem_6_0> (without init value) has a constant value of 0 in block <register_file16>. This FF/Latch will be trimmed during the optimization process.
WARNING:Xst:1895 - Due to other FF/Latch trimming, FF/Latch <mem_4_15> (without init value) has a constant value of 0 in block <register_file16>. This FF/Latch will be trimmed during the optimization process.
WARNING:Xst:1895 - Due to other FF/Latch trimming, FF/Latch <mem_4_14> (without init value) has a constant value of 0 in block <register_file16>. This FF/Latch will be trimmed during the optimization process.
WARNING:Xst:1895 - Due to other FF/Latch trimming, FF/Latch <mem_4_13> (without init value) has a constant value of 0 in block <register_file16>. This FF/Latch will be trimmed during the optimization process.
WARNING:Xst:1895 - Due to other FF/Latch trimming, FF/Latch <mem_4_12> (without init value) has a constant value of 0 in block <register_file16>. This FF/Latch will be trimmed during the optimization process.
WARNING:Xst:1895 - Due to other FF/Latch trimming, FF/Latch <mem_4_11> (without init value) has a constant value of 0 in block <register_file16>. This FF/Latch will be trimmed during the optimization process.
WARNING:Xst:1895 - Due to other FF/Latch trimming, FF/Latch <mem_4_10> (without init value) has a constant value of 0 in block <register_file16>. This FF/Latch will be trimmed during the optimization process.
WARNING:Xst:1895 - Due to other FF/Latch trimming, FF/Latch <mem_4_9> (without init value) has a constant value of 0 in block <register_file16>. This FF/Latch will be trimmed during the optimization process.
WARNING:Xst:1895 - Due to other FF/Latch trimming, FF/Latch <mem_4_8> (without init value) has a constant value of 0 in block <register_file16>. This FF/Latch will be trimmed during the optimization process.
WARNING:Xst:1895 - Due to other FF/Latch trimming, FF/Latch <mem_4_7> (without init value) has a constant value of 0 in block <register_file16>. This FF/Latch will be trimmed during the optimization process.
WARNING:Xst:1895 - Due to other FF/Latch trimming, FF/Latch <mem_4_6> (without init value) has a constant value of 0 in block <register_file16>. This FF/Latch will be trimmed during the optimization process.
WARNING:Xst:1895 - Due to other FF/Latch trimming, FF/Latch <mem_4_5> (without init value) has a constant value of 0 in block <register_file16>. This FF/Latch will be trimmed during the optimization process.
WARNING:Xst:1895 - Due to other FF/Latch trimming, FF/Latch <mem_4_4> (without init value) has a constant value of 0 in block <register_file16>. This FF/Latch will be trimmed during the optimization process.
WARNING:Xst:1895 - Due to other FF/Latch trimming, FF/Latch <mem_4_3> (without init value) has a constant value of 0 in block <register_file16>. This FF/Latch will be trimmed during the optimization process.
WARNING:Xst:1895 - Due to other FF/Latch trimming, FF/Latch <mem_4_2> (without init value) has a constant value of 0 in block <register_file16>. This FF/Latch will be trimmed during the optimization process.
WARNING:Xst:1895 - Due to other FF/Latch trimming, FF/Latch <mem_4_1> (without init value) has a constant value of 0 in block <register_file16>. This FF/Latch will be trimmed during the optimization process.
WARNING:Xst:1895 - Due to other FF/Latch trimming, FF/Latch <mem_4_0> (without init value) has a constant value of 0 in block <register_file16>. This FF/Latch will be trimmed during the optimization process.
WARNING:Xst:1710 - FF/Latch <mem_10_15> (without init value) has a constant value of 0 in block <register_file16>. This FF/Latch will be trimmed during the optimization process.
WARNING:Xst:1895 - Due to other FF/Latch trimming, FF/Latch <mem_10_14> (without init value) has a constant value of 0 in block <register_file16>. This FF/Latch will be trimmed during the optimization process.
WARNING:Xst:1895 - Due to other FF/Latch trimming, FF/Latch <mem_10_13> (without init value) has a constant value of 0 in block <register_file16>. This FF/Latch will be trimmed during the optimization process.
WARNING:Xst:1895 - Due to other FF/Latch trimming, FF/Latch <mem_10_12> (without init value) has a constant value of 0 in block <register_file16>. This FF/Latch will be trimmed during the optimization process.
WARNING:Xst:1895 - Due to other FF/Latch trimming, FF/Latch <mem_10_11> (without init value) has a constant value of 0 in block <register_file16>. This FF/Latch will be trimmed during the optimization process.
WARNING:Xst:1895 - Due to other FF/Latch trimming, FF/Latch <mem_10_10> (without init value) has a constant value of 0 in block <register_file16>. This FF/Latch will be trimmed during the optimization process.
WARNING:Xst:1895 - Due to other FF/Latch trimming, FF/Latch <mem_10_9> (without init value) has a constant value of 0 in block <register_file16>. This FF/Latch will be trimmed during the optimization process.
WARNING:Xst:1895 - Due to other FF/Latch trimming, FF/Latch <mem_10_8> (without init value) has a constant value of 0 in block <register_file16>. This FF/Latch will be trimmed during the optimization process.
WARNING:Xst:1895 - Due to other FF/Latch trimming, FF/Latch <mem_10_7> (without init value) has a constant value of 0 in block <register_file16>. This FF/Latch will be trimmed during the optimization process.
WARNING:Xst:1895 - Due to other FF/Latch trimming, FF/Latch <mem_10_6> (without init value) has a constant value of 0 in block <register_file16>. This FF/Latch will be trimmed during the optimization process.
WARNING:Xst:1895 - Due to other FF/Latch trimming, FF/Latch <mem_10_5> (without init value) has a constant value of 0 in block <register_file16>. This FF/Latch will be trimmed during the optimization process.
WARNING:Xst:1895 - Due to other FF/Latch trimming, FF/Latch <mem_10_4> (without init value) has a constant value of 0 in block <register_file16>. This FF/Latch will be trimmed during the optimization process.
WARNING:Xst:1895 - Due to other FF/Latch trimming, FF/Latch <mem_10_3> (without init value) has a constant value of 0 in block <register_file16>. This FF/Latch will be trimmed during the optimization process.
WARNING:Xst:1895 - Due to other FF/Latch trimming, FF/Latch <mem_10_2> (without init value) has a constant value of 0 in block <register_file16>. This FF/Latch will be trimmed during the optimization process.
WARNING:Xst:1895 - Due to other FF/Latch trimming, FF/Latch <mem_10_1> (without init value) has a constant value of 0 in block <register_file16>. This FF/Latch will be trimmed during the optimization process.
WARNING:Xst:1895 - Due to other FF/Latch trimming, FF/Latch <mem_10_0> (without init value) has a constant value of 0 in block <register_file16>. This FF/Latch will be trimmed during the optimization process.
WARNING:Xst:1895 - Due to other FF/Latch trimming, FF/Latch <mem_8_15> (without init value) has a constant value of 0 in block <register_file16>. This FF/Latch will be trimmed during the optimization process.
WARNING:Xst:1895 - Due to other FF/Latch trimming, FF/Latch <mem_8_14> (without init value) has a constant value of 0 in block <register_file16>. This FF/Latch will be trimmed during the optimization process.
WARNING:Xst:1895 - Due to other FF/Latch trimming, FF/Latch <mem_8_13> (without init value) has a constant value of 0 in block <register_file16>. This FF/Latch will be trimmed during the optimization process.
WARNING:Xst:1895 - Due to other FF/Latch trimming, FF/Latch <mem_8_12> (without init value) has a constant value of 0 in block <register_file16>. This FF/Latch will be trimmed during the optimization process.
WARNING:Xst:1895 - Due to other FF/Latch trimming, FF/Latch <mem_8_11> (without init value) has a constant value of 0 in block <register_file16>. This FF/Latch will be trimmed during the optimization process.
WARNING:Xst:1895 - Due to other FF/Latch trimming, FF/Latch <mem_8_10> (without init value) has a constant value of 0 in block <register_file16>. This FF/Latch will be trimmed during the optimization process.
WARNING:Xst:1895 - Due to other FF/Latch trimming, FF/Latch <mem_8_9> (without init value) has a constant value of 0 in block <register_file16>. This FF/Latch will be trimmed during the optimization process.
WARNING:Xst:1895 - Due to other FF/Latch trimming, FF/Latch <mem_8_8> (without init value) has a constant value of 0 in block <register_file16>. This FF/Latch will be trimmed during the optimization process.
WARNING:Xst:1895 - Due to other FF/Latch trimming, FF/Latch <mem_8_7> (without init value) has a constant value of 0 in block <register_file16>. This FF/Latch will be trimmed during the optimization process.
WARNING:Xst:1895 - Due to other FF/Latch trimming, FF/Latch <mem_8_6> (without init value) has a constant value of 0 in block <register_file16>. This FF/Latch will be trimmed during the optimization process.
WARNING:Xst:1895 - Due to other FF/Latch trimming, FF/Latch <mem_8_5> (without init value) has a constant value of 0 in block <register_file16>. This FF/Latch will be trimmed during the optimization process.
WARNING:Xst:1895 - Due to other FF/Latch trimming, FF/Latch <mem_8_4> (without init value) has a constant value of 0 in block <register_file16>. This FF/Latch will be trimmed during the optimization process.
WARNING:Xst:1895 - Due to other FF/Latch trimming, FF/Latch <mem_8_3> (without init value) has a constant value of 0 in block <register_file16>. This FF/Latch will be trimmed during the optimization process.
WARNING:Xst:1895 - Due to other FF/Latch trimming, FF/Latch <mem_8_2> (without init value) has a constant value of 0 in block <register_file16>. This FF/Latch will be trimmed during the optimization process.
WARNING:Xst:1895 - Due to other FF/Latch trimming, FF/Latch <mem_8_1> (without init value) has a constant value of 0 in block <register_file16>. This FF/Latch will be trimmed during the optimization process.
WARNING:Xst:1895 - Due to other FF/Latch trimming, FF/Latch <mem_8_0> (without init value) has a constant value of 0 in block <register_file16>. This FF/Latch will be trimmed during the optimization process.
WARNING:Xst:1895 - Due to other FF/Latch trimming, FF/Latch <mem_14_15> (without init value) has a constant value of 0 in block <register_file16>. This FF/Latch will be trimmed during the optimization process.
WARNING:Xst:1895 - Due to other FF/Latch trimming, FF/Latch <mem_14_14> (without init value) has a constant value of 0 in block <register_file16>. This FF/Latch will be trimmed during the optimization process.
WARNING:Xst:1895 - Due to other FF/Latch trimming, FF/Latch <mem_14_13> (without init value) has a constant value of 0 in block <register_file16>. This FF/Latch will be trimmed during the optimization process.
WARNING:Xst:1895 - Due to other FF/Latch trimming, FF/Latch <mem_14_12> (without init value) has a constant value of 0 in block <register_file16>. This FF/Latch will be trimmed during the optimization process.
WARNING:Xst:1895 - Due to other FF/Latch trimming, FF/Latch <mem_14_11> (without init value) has a constant value of 0 in block <register_file16>. This FF/Latch will be trimmed during the optimization process.
WARNING:Xst:1895 - Due to other FF/Latch trimming, FF/Latch <mem_14_10> (without init value) has a constant value of 0 in block <register_file16>. This FF/Latch will be trimmed during the optimization process.
WARNING:Xst:1895 - Due to other FF/Latch trimming, FF/Latch <mem_14_9> (without init value) has a constant value of 0 in block <register_file16>. This FF/Latch will be trimmed during the optimization process.
WARNING:Xst:1895 - Due to other FF/Latch trimming, FF/Latch <mem_14_8> (without init value) has a constant value of 0 in block <register_file16>. This FF/Latch will be trimmed during the optimization process.
WARNING:Xst:1895 - Due to other FF/Latch trimming, FF/Latch <mem_14_7> (without init value) has a constant value of 0 in block <register_file16>. This FF/Latch will be trimmed during the optimization process.
WARNING:Xst:1895 - Due to other FF/Latch trimming, FF/Latch <mem_14_6> (without init value) has a constant value of 0 in block <register_file16>. This FF/Latch will be trimmed during the optimization process.
WARNING:Xst:1895 - Due to other FF/Latch trimming, FF/Latch <mem_14_5> (without init value) has a constant value of 0 in block <register_file16>. This FF/Latch will be trimmed during the optimization process.
WARNING:Xst:1895 - Due to other FF/Latch trimming, FF/Latch <mem_14_4> (without init value) has a constant value of 0 in block <register_file16>. This FF/Latch will be trimmed during the optimization process.
WARNING:Xst:1895 - Due to other FF/Latch trimming, FF/Latch <mem_14_3> (without init value) has a constant value of 0 in block <register_file16>. This FF/Latch will be trimmed during the optimization process.
WARNING:Xst:1895 - Due to other FF/Latch trimming, FF/Latch <mem_14_2> (without init value) has a constant value of 0 in block <register_file16>. This FF/Latch will be trimmed during the optimization process.
WARNING:Xst:1895 - Due to other FF/Latch trimming, FF/Latch <mem_14_1> (without init value) has a constant value of 0 in block <register_file16>. This FF/Latch will be trimmed during the optimization process.
WARNING:Xst:1895 - Due to other FF/Latch trimming, FF/Latch <mem_14_0> (without init value) has a constant value of 0 in block <register_file16>. This FF/Latch will be trimmed during the optimization process.
WARNING:Xst:1895 - Due to other FF/Latch trimming, FF/Latch <mem_12_15> (without init value) has a constant value of 0 in block <register_file16>. This FF/Latch will be trimmed during the optimization process.
WARNING:Xst:1895 - Due to other FF/Latch trimming, FF/Latch <mem_12_14> (without init value) has a constant value of 0 in block <register_file16>. This FF/Latch will be trimmed during the optimization process.
WARNING:Xst:1895 - Due to other FF/Latch trimming, FF/Latch <mem_12_13> (without init value) has a constant value of 0 in block <register_file16>. This FF/Latch will be trimmed during the optimization process.
WARNING:Xst:1895 - Due to other FF/Latch trimming, FF/Latch <mem_12_12> (without init value) has a constant value of 0 in block <register_file16>. This FF/Latch will be trimmed during the optimization process.
WARNING:Xst:1895 - Due to other FF/Latch trimming, FF/Latch <mem_12_11> (without init value) has a constant value of 0 in block <register_file16>. This FF/Latch will be trimmed during the optimization process.
WARNING:Xst:1895 - Due to other FF/Latch trimming, FF/Latch <mem_12_10> (without init value) has a constant value of 0 in block <register_file16>. This FF/Latch will be trimmed during the optimization process.
WARNING:Xst:1895 - Due to other FF/Latch trimming, FF/Latch <mem_12_9> (without init value) has a constant value of 0 in block <register_file16>. This FF/Latch will be trimmed during the optimization process.
WARNING:Xst:1895 - Due to other FF/Latch trimming, FF/Latch <mem_12_8> (without init value) has a constant value of 0 in block <register_file16>. This FF/Latch will be trimmed during the optimization process.
WARNING:Xst:1895 - Due to other FF/Latch trimming, FF/Latch <mem_12_7> (without init value) has a constant value of 0 in block <register_file16>. This FF/Latch will be trimmed during the optimization process.
WARNING:Xst:1895 - Due to other FF/Latch trimming, FF/Latch <mem_12_6> (without init value) has a constant value of 0 in block <register_file16>. This FF/Latch will be trimmed during the optimization process.
WARNING:Xst:1895 - Due to other FF/Latch trimming, FF/Latch <mem_12_5> (without init value) has a constant value of 0 in block <register_file16>. This FF/Latch will be trimmed during the optimization process.
WARNING:Xst:1895 - Due to other FF/Latch trimming, FF/Latch <mem_12_4> (without init value) has a constant value of 0 in block <register_file16>. This FF/Latch will be trimmed during the optimization process.
WARNING:Xst:1895 - Due to other FF/Latch trimming, FF/Latch <mem_12_3> (without init value) has a constant value of 0 in block <register_file16>. This FF/Latch will be trimmed during the optimization process.
WARNING:Xst:1895 - Due to other FF/Latch trimming, FF/Latch <mem_12_2> (without init value) has a constant value of 0 in block <register_file16>. This FF/Latch will be trimmed during the optimization process.
WARNING:Xst:1895 - Due to other FF/Latch trimming, FF/Latch <mem_12_1> (without init value) has a constant value of 0 in block <register_file16>. This FF/Latch will be trimmed during the optimization process.
WARNING:Xst:1895 - Due to other FF/Latch trimming, FF/Latch <mem_12_0> (without init value) has a constant value of 0 in block <register_file16>. This FF/Latch will be trimmed during the optimization process.
WARNING:Xst:1895 - Due to other FF/Latch trimming, FF/Latch <mem_0_15> (without init value) has a constant value of 0 in block <register_file16>. This FF/Latch will be trimmed during the optimization process.
WARNING:Xst:1895 - Due to other FF/Latch trimming, FF/Latch <mem_0_14> (without init value) has a constant value of 0 in block <register_file16>. This FF/Latch will be trimmed during the optimization process.
WARNING:Xst:1895 - Due to other FF/Latch trimming, FF/Latch <mem_0_13> (without init value) has a constant value of 0 in block <register_file16>. This FF/Latch will be trimmed during the optimization process.
WARNING:Xst:1895 - Due to other FF/Latch trimming, FF/Latch <mem_0_12> (without init value) has a constant value of 0 in block <register_file16>. This FF/Latch will be trimmed during the optimization process.
WARNING:Xst:1895 - Due to other FF/Latch trimming, FF/Latch <mem_0_11> (without init value) has a constant value of 0 in block <register_file16>. This FF/Latch will be trimmed during the optimization process.
WARNING:Xst:1895 - Due to other FF/Latch trimming, FF/Latch <mem_0_10> (without init value) has a constant value of 0 in block <register_file16>. This FF/Latch will be trimmed during the optimization process.
WARNING:Xst:1895 - Due to other FF/Latch trimming, FF/Latch <mem_0_9> (without init value) has a constant value of 0 in block <register_file16>. This FF/Latch will be trimmed during the optimization process.
WARNING:Xst:1895 - Due to other FF/Latch trimming, FF/Latch <mem_0_8> (without init value) has a constant value of 0 in block <register_file16>. This FF/Latch will be trimmed during the optimization process.
WARNING:Xst:1895 - Due to other FF/Latch trimming, FF/Latch <mem_0_7> (without init value) has a constant value of 0 in block <register_file16>. This FF/Latch will be trimmed during the optimization process.
WARNING:Xst:1895 - Due to other FF/Latch trimming, FF/Latch <mem_0_6> (without init value) has a constant value of 0 in block <register_file16>. This FF/Latch will be trimmed during the optimization process.
WARNING:Xst:1895 - Due to other FF/Latch trimming, FF/Latch <mem_0_5> (without init value) has a constant value of 0 in block <register_file16>. This FF/Latch will be trimmed during the optimization process.
WARNING:Xst:1895 - Due to other FF/Latch trimming, FF/Latch <mem_0_4> (without init value) has a constant value of 0 in block <register_file16>. This FF/Latch will be trimmed during the optimization process.
WARNING:Xst:1895 - Due to other FF/Latch trimming, FF/Latch <mem_0_3> (without init value) has a constant value of 0 in block <register_file16>. This FF/Latch will be trimmed during the optimization process.
WARNING:Xst:1895 - Due to other FF/Latch trimming, FF/Latch <mem_0_2> (without init value) has a constant value of 0 in block <register_file16>. This FF/Latch will be trimmed during the optimization process.
WARNING:Xst:1895 - Due to other FF/Latch trimming, FF/Latch <mem_0_1> (without init value) has a constant value of 0 in block <register_file16>. This FF/Latch will be trimmed during the optimization process.
WARNING:Xst:1895 - Due to other FF/Latch trimming, FF/Latch <mem_0_0> (without init value) has a constant value of 0 in block <register_file16>. This FF/Latch will be trimmed during the optimization process.
WARNING:Xst:1895 - Due to other FF/Latch trimming, FF/Latch <mem_2_15> (without init value) has a constant value of 0 in block <register_file16>. This FF/Latch will be trimmed during the optimization process.
WARNING:Xst:1895 - Due to other FF/Latch trimming, FF/Latch <mem_2_14> (without init value) has a constant value of 0 in block <register_file16>. This FF/Latch will be trimmed during the optimization process.
WARNING:Xst:1895 - Due to other FF/Latch trimming, FF/Latch <mem_2_13> (without init value) has a constant value of 0 in block <register_file16>. This FF/Latch will be trimmed during the optimization process.
WARNING:Xst:1895 - Due to other FF/Latch trimming, FF/Latch <mem_2_12> (without init value) has a constant value of 0 in block <register_file16>. This FF/Latch will be trimmed during the optimization process.
WARNING:Xst:1895 - Due to other FF/Latch trimming, FF/Latch <mem_2_11> (without init value) has a constant value of 0 in block <register_file16>. This FF/Latch will be trimmed during the optimization process.
WARNING:Xst:1895 - Due to other FF/Latch trimming, FF/Latch <mem_2_10> (without init value) has a constant value of 0 in block <register_file16>. This FF/Latch will be trimmed during the optimization process.
WARNING:Xst:1895 - Due to other FF/Latch trimming, FF/Latch <mem_2_9> (without init value) has a constant value of 0 in block <register_file16>. This FF/Latch will be trimmed during the optimization process.
WARNING:Xst:1895 - Due to other FF/Latch trimming, FF/Latch <mem_2_8> (without init value) has a constant value of 0 in block <register_file16>. This FF/Latch will be trimmed during the optimization process.
WARNING:Xst:1895 - Due to other FF/Latch trimming, FF/Latch <mem_2_7> (without init value) has a constant value of 0 in block <register_file16>. This FF/Latch will be trimmed during the optimization process.
WARNING:Xst:1895 - Due to other FF/Latch trimming, FF/Latch <mem_2_6> (without init value) has a constant value of 0 in block <register_file16>. This FF/Latch will be trimmed during the optimization process.
WARNING:Xst:1895 - Due to other FF/Latch trimming, FF/Latch <mem_2_5> (without init value) has a constant value of 0 in block <register_file16>. This FF/Latch will be trimmed during the optimization process.
WARNING:Xst:1895 - Due to other FF/Latch trimming, FF/Latch <mem_2_4> (without init value) has a constant value of 0 in block <register_file16>. This FF/Latch will be trimmed during the optimization process.
WARNING:Xst:1895 - Due to other FF/Latch trimming, FF/Latch <mem_2_3> (without init value) has a constant value of 0 in block <register_file16>. This FF/Latch will be trimmed during the optimization process.
WARNING:Xst:1895 - Due to other FF/Latch trimming, FF/Latch <mem_2_2> (without init value) has a constant value of 0 in block <register_file16>. This FF/Latch will be trimmed during the optimization process.
WARNING:Xst:1895 - Due to other FF/Latch trimming, FF/Latch <mem_2_1> (without init value) has a constant value of 0 in block <register_file16>. This FF/Latch will be trimmed during the optimization process.
WARNING:Xst:1895 - Due to other FF/Latch trimming, FF/Latch <mem_2_0> (without init value) has a constant value of 0 in block <register_file16>. This FF/Latch will be trimmed during the optimization process.
WARNING:Xst:1895 - Due to other FF/Latch trimming, FF/Latch <mem_6_15> (without init value) has a constant value of 0 in block <register_file16>. This FF/Latch will be trimmed during the optimization process.
WARNING:Xst:1895 - Due to other FF/Latch trimming, FF/Latch <mem_6_14> (without init value) has a constant value of 0 in block <register_file16>. This FF/Latch will be trimmed during the optimization process.
WARNING:Xst:1895 - Due to other FF/Latch trimming, FF/Latch <mem_6_13> (without init value) has a constant value of 0 in block <register_file16>. This FF/Latch will be trimmed during the optimization process.
WARNING:Xst:1895 - Due to other FF/Latch trimming, FF/Latch <mem_6_12> (without init value) has a constant value of 0 in block <register_file16>. This FF/Latch will be trimmed during the optimization process.
WARNING:Xst:1895 - Due to other FF/Latch trimming, FF/Latch <mem_6_11> (without init value) has a constant value of 0 in block <register_file16>. This FF/Latch will be trimmed during the optimization process.
WARNING:Xst:1895 - Due to other FF/Latch trimming, FF/Latch <mem_6_10> (without init value) has a constant value of 0 in block <register_file16>. This FF/Latch will be trimmed during the optimization process.
WARNING:Xst:1895 - Due to other FF/Latch trimming, FF/Latch <mem_6_9> (without init value) has a constant value of 0 in block <register_file16>. This FF/Latch will be trimmed during the optimization process.
WARNING:Xst:1895 - Due to other FF/Latch trimming, FF/Latch <mem_6_8> (without init value) has a constant value of 0 in block <register_file16>. This FF/Latch will be trimmed during the optimization process.
WARNING:Xst:1895 - Due to other FF/Latch trimming, FF/Latch <mem_6_7> (without init value) has a constant value of 0 in block <register_file16>. This FF/Latch will be trimmed during the optimization process.
WARNING:Xst:1895 - Due to other FF/Latch trimming, FF/Latch <mem_6_6> (without init value) has a constant value of 0 in block <register_file16>. This FF/Latch will be trimmed during the optimization process.
WARNING:Xst:1895 - Due to other FF/Latch trimming, FF/Latch <mem_6_5> (without init value) has a constant value of 0 in block <register_file16>. This FF/Latch will be trimmed during the optimization process.
WARNING:Xst:1895 - Due to other FF/Latch trimming, FF/Latch <mem_6_4> (without init value) has a constant value of 0 in block <register_file16>. This FF/Latch will be trimmed during the optimization process.
WARNING:Xst:1895 - Due to other FF/Latch trimming, FF/Latch <mem_6_3> (without init value) has a constant value of 0 in block <register_file16>. This FF/Latch will be trimmed during the optimization process.
WARNING:Xst:1895 - Due to other FF/Latch trimming, FF/Latch <mem_6_2> (without init value) has a constant value of 0 in block <register_file16>. This FF/Latch will be trimmed during the optimization process.
WARNING:Xst:1895 - Due to other FF/Latch trimming, FF/Latch <mem_6_1> (without init value) has a constant value of 0 in block <register_file16>. This FF/Latch will be trimmed during the optimization process.
WARNING:Xst:1895 - Due to other FF/Latch trimming, FF/Latch <mem_6_0> (without init value) has a constant value of 0 in block <register_file16>. This FF/Latch will be trimmed during the optimization process.
WARNING:Xst:1895 - Due to other FF/Latch trimming, FF/Latch <mem_4_15> (without init value) has a constant value of 0 in block <register_file16>. This FF/Latch will be trimmed during the optimization process.
WARNING:Xst:1895 - Due to other FF/Latch trimming, FF/Latch <mem_4_14> (without init value) has a constant value of 0 in block <register_file16>. This FF/Latch will be trimmed during the optimization process.
WARNING:Xst:1895 - Due to other FF/Latch trimming, FF/Latch <mem_4_13> (without init value) has a constant value of 0 in block <register_file16>. This FF/Latch will be trimmed during the optimization process.
WARNING:Xst:1895 - Due to other FF/Latch trimming, FF/Latch <mem_4_12> (without init value) has a constant value of 0 in block <register_file16>. This FF/Latch will be trimmed during the optimization process.
WARNING:Xst:1895 - Due to other FF/Latch trimming, FF/Latch <mem_4_11> (without init value) has a constant value of 0 in block <register_file16>. This FF/Latch will be trimmed during the optimization process.
WARNING:Xst:1895 - Due to other FF/Latch trimming, FF/Latch <mem_4_10> (without init value) has a constant value of 0 in block <register_file16>. This FF/Latch will be trimmed during the optimization process.
WARNING:Xst:1895 - Due to other FF/Latch trimming, FF/Latch <mem_4_9> (without init value) has a constant value of 0 in block <register_file16>. This FF/Latch will be trimmed during the optimization process.
WARNING:Xst:1895 - Due to other FF/Latch trimming, FF/Latch <mem_4_8> (without init value) has a constant value of 0 in block <register_file16>. This FF/Latch will be trimmed during the optimization process.
WARNING:Xst:1895 - Due to other FF/Latch trimming, FF/Latch <mem_4_7> (without init value) has a constant value of 0 in block <register_file16>. This FF/Latch will be trimmed during the optimization process.
WARNING:Xst:1895 - Due to other FF/Latch trimming, FF/Latch <mem_4_6> (without init value) has a constant value of 0 in block <register_file16>. This FF/Latch will be trimmed during the optimization process.
WARNING:Xst:1895 - Due to other FF/Latch trimming, FF/Latch <mem_4_5> (without init value) has a constant value of 0 in block <register_file16>. This FF/Latch will be trimmed during the optimization process.
WARNING:Xst:1895 - Due to other FF/Latch trimming, FF/Latch <mem_4_4> (without init value) has a constant value of 0 in block <register_file16>. This FF/Latch will be trimmed during the optimization process.
WARNING:Xst:1895 - Due to other FF/Latch trimming, FF/Latch <mem_4_3> (without init value) has a constant value of 0 in block <register_file16>. This FF/Latch will be trimmed during the optimization process.
WARNING:Xst:1895 - Due to other FF/Latch trimming, FF/Latch <mem_4_2> (without init value) has a constant value of 0 in block <register_file16>. This FF/Latch will be trimmed during the optimization process.
WARNING:Xst:1895 - Due to other FF/Latch trimming, FF/Latch <mem_4_1> (without init value) has a constant value of 0 in block <register_file16>. This FF/Latch will be trimmed during the optimization process.
WARNING:Xst:1895 - Due to other FF/Latch trimming, FF/Latch <mem_4_0> (without init value) has a constant value of 0 in block <register_file16>. This FF/Latch will be trimmed during the optimization process.

Mapping all equations...
Building and optimizing final netlist ...
Found area constraint ratio of 100 (+ 5) on block register_file16, actual ratio is 21.

Final Macro Processing ...

=========================================================================
Final Register Report

Macro Statistics
# Registers                                            : 128
 Flip-Flops                                            : 128

=========================================================================

=========================================================================
*                           Partition Report                            *
=========================================================================

Partition Implementation Status
-------------------------------

  No Partitions were found in this design.

-------------------------------

=========================================================================
*                            Final Report                               *
=========================================================================
Final Results
RTL Top Level Output File Name     : register_file16.ngr
Top Level Output File Name         : register_file16
Output Format                      : NGC
Optimization Goal                  : Speed
Keep Hierarchy                     : No

Design Statistics
# IOs                              : 63

Cell Usage :
# BELS                             : 538
#      GND                         : 1
#      LUT2                        : 32
#      LUT3                        : 271
#      LUT4                        : 6
#      MUXF5                       : 132
#      MUXF6                       : 64
#      MUXF7                       : 32
# FlipFlops/Latches                : 128
#      FDCE                        : 128
# Clock Buffers                    : 1
#      BUFGP                       : 1
# IO Buffers                       : 62
#      IBUF                        : 30
#      OBUF                        : 32
=========================================================================

Device utilization summary:
---------------------------

Selected Device : 3s100evq100-5 

 Number of Slices:                      206  out of    960    21%  
 Number of Slice Flip Flops:            128  out of   1920     6%  
 Number of 4 input LUTs:                309  out of   1920    16%  
 Number of IOs:                          63
 Number of bonded IOBs:                  63  out of     66    95%  
 Number of GCLKs:                         1  out of     24     4%  

---------------------------
Partition Resource Summary:
---------------------------

  No Partitions were found in this design.

---------------------------


=========================================================================
TIMING REPORT

NOTE: THESE TIMING NUMBERS ARE ONLY A SYNTHESIS ESTIMATE.
      FOR ACCURATE TIMING INFORMATION PLEASE REFER TO THE TRACE REPORT
      GENERATED AFTER PLACE-and-ROUTE.

Clock Information:
------------------
-----------------------------------+------------------------+-------+
Clock Signal                       | Clock buffer(FF name)  | Load  |
-----------------------------------+------------------------+-------+
clk                                | BUFGP                  | 128   |
-----------------------------------+------------------------+-------+

Asynchronous Control Signals Information:
----------------------------------------
-----------------------------------+------------------------+-------+
Control Signal                     | Buffer(FF name)        | Load  |
-----------------------------------+------------------------+-------+
mem_11_and0000(mem_11_and0000_f5:O)| NONE(mem_11_0)         | 16    |
mem_13_and0000(mem_13_and00002:O)  | NONE(mem_13_0)         | 16    |
mem_15_and0000(mem_15_and00001:O)  | NONE(mem_15_0)         | 16    |
mem_1_and0000(mem_1_and00002:O)    | NONE(mem_1_0)          | 16    |
mem_3_and0000(mem_3_and00001:O)    | NONE(mem_3_0)          | 16    |
mem_5_and0000(mem_5_and00002:O)    | NONE(mem_5_0)          | 16    |
mem_7_and0000(mem_7_and00001:O)    | NONE(mem_7_0)          | 16    |
mem_9_and0000(mem_9_and0000_f5:O)  | NONE(mem_9_0)          | 16    |
-----------------------------------+------------------------+-------+

Timing Summary:
---------------
Speed Grade: -5

   Minimum period: No path found
   Minimum input arrival time before clock: 4.975ns
   Maximum output required time after clock: 7.363ns
   Maximum combinational path delay: 8.796ns

Timing Detail:
--------------
All values displayed in nanoseconds (ns)

=========================================================================
Timing constraint: Default OFFSET IN BEFORE for Clock 'clk'
  Total number of paths / destination ports: 768 / 256
-------------------------------------------------------------------------
Offset:              4.975ns (Levels of Logic = 3)
  Source:            A3<2> (PAD)
  Destination:       mem_1_0 (FF)
  Destination Clock: clk rising

  Data Path: A3<2> to mem_1_0
                                Gate     Net
    Cell:in->out      fanout   Delay   Delay  Logical Name (Net Name)
    ----------------------------------------  ------------
     IBUF:I->O             7   1.106   0.754  A3_2_IBUF (A3_2_IBUF)
     LUT3:I0->O            4   0.612   0.529  mem_5_and000011 (N5)
     LUT3:I2->O           16   0.612   0.879  mem_7_and00011 (mem_7_and0001)
     FDCE:CE                   0.483          mem_7_0
    ----------------------------------------
    Total                      4.975ns (2.813ns logic, 2.162ns route)
                                       (56.5% logic, 43.5% route)

=========================================================================
Timing constraint: Default OFFSET OUT AFTER for Clock 'clk'
  Total number of paths / destination ports: 256 / 32
-------------------------------------------------------------------------
Offset:              7.363ns (Levels of Logic = 6)
  Source:            mem_1_15 (FF)
  Destination:       rd1<15> (PAD)
  Source Clock:      clk rising

  Data Path: mem_1_15 to rd1<15>
                                Gate     Net
    Cell:in->out      fanout   Delay   Delay  Logical Name (Net Name)
    ----------------------------------------  ------------
     FDCE:C->Q             2   0.514   0.410  mem_1_15 (mem_1_15)
     LUT3:I2->O            1   0.612   0.000  mux6_8 (mux6_8)
     MUXF5:I0->O           1   0.278   0.000  mux6_6_f5 (mux6_6_f5)
     MUXF6:I0->O           1   0.451   0.000  mux6_4_f6 (mux6_4_f6)
     MUXF7:I0->O           1   0.451   0.509  mux6_2_f7 (_varindex0000<15>)
     LUT2:I0->O            1   0.612   0.357  rd1<15>1 (rd1_15_OBUF)
     OBUF:I->O                 3.169          rd1_15_OBUF (rd1<15>)
    ----------------------------------------
    Total                      7.363ns (6.087ns logic, 1.276ns route)
                                       (82.7% logic, 17.3% route)

=========================================================================
Timing constraint: Default path analysis
  Total number of paths / destination ports: 608 / 32
-------------------------------------------------------------------------
Delay:               8.796ns (Levels of Logic = 7)
  Source:            A1<0> (PAD)
  Destination:       rd1<15> (PAD)

  Data Path: A1<0> to rd1<15>
                                Gate     Net
    Cell:in->out      fanout   Delay   Delay  Logical Name (Net Name)
    ----------------------------------------  ------------
     IBUF:I->O           129   1.106   1.251  A1_0_IBUF (A1_0_IBUF)
     LUT3:I0->O            1   0.612   0.000  mux_5 (mux_5)
     MUXF5:I1->O           1   0.278   0.000  mux_4_f5 (mux_4_f5)
     MUXF6:I1->O           1   0.451   0.000  mux_3_f6 (mux_3_f6)
     MUXF7:I1->O           1   0.451   0.509  mux_2_f7 (_varindex0000<0>)
     LUT2:I0->O            1   0.612   0.357  rd1<0>1 (rd1_0_OBUF)
     OBUF:I->O                 3.169          rd1_0_OBUF (rd1<0>)
    ----------------------------------------
    Total                      8.796ns (6.679ns logic, 2.117ns route)
                                       (75.9% logic, 24.1% route)

=========================================================================


Total REAL time to Xst completion: 6.00 secs
Total CPU time to Xst completion: 6.36 secs
 
--> 

Total memory usage is 235060 kilobytes

Number of errors   :    0 (   0 filtered)
Number of warnings :  256 (   0 filtered)
Number of infos    :    1 (   0 filtered)

