MO R_1B NULL R_1B.v vlg08/_r__1_b.bin 1670607764
MO GPRs NULL Test_For.v vlg08/_g_p_rs.bin 1670608328
MO R_16B NULL R_16B.v vlg2E/_r__16_b.bin 1670607764
MO regFile NULL Reg_Behav.v vlg52/reg_file.bin 1670606966
MO register_file16 NULL Test_Tree.v vlg47/register__file16.bin 1670667384
MO register_file32 NULL Test_Tree.v vlg4D/register__file32.bin 1670667162
MO Register_File NULL Register_File.v vlg3C/_register___file.bin 1670667353
