Release 14.7 - xst P.20131013 (nt)
Copyright (c) 1995-2013 Xilinx, Inc.  All rights reserved.
--> Parameter TMPDIR set to xst/projnav.tmp


Total REAL time to Xst completion: 0.00 secs
Total CPU time to Xst completion: 0.19 secs
 
--> Parameter xsthdpdir set to xst


Total REAL time to Xst completion: 0.00 secs
Total CPU time to Xst completion: 0.20 secs
 
--> Reading design: Register_File_main.prj

TABLE OF CONTENTS
  1) Synthesis Options Summary
  2) HDL Compilation
  3) Design Hierarchy Analysis
  4) HDL Analysis
  5) HDL Synthesis
     5.1) HDL Synthesis Report
  6) Advanced HDL Synthesis
     6.1) Advanced HDL Synthesis Report
  7) Low Level Synthesis
  8) Partition Report
  9) Final Report
	9.1) Device utilization summary
	9.2) Partition Resource Summary
	9.3) TIMING REPORT


=========================================================================
*                      Synthesis Options Summary                        *
=========================================================================
---- Source Parameters
Input File Name                    : "Register_File_main.prj"
Input Format                       : mixed
Ignore Synthesis Constraint File   : NO

---- Target Parameters
Output File Name                   : "Register_File_main"
Output Format                      : NGC
Target Device                      : xc3s100e-5-vq100

---- Source Options
Top Module Name                    : Register_File_main
Automatic FSM Extraction           : YES
FSM Encoding Algorithm             : Auto
Safe Implementation                : No
FSM Style                          : LUT
RAM Extraction                     : Yes
RAM Style                          : Auto
ROM Extraction                     : Yes
Mux Style                          : Auto
Decoder Extraction                 : YES
Priority Encoder Extraction        : Yes
Shift Register Extraction          : YES
Logical Shifter Extraction         : YES
XOR Collapsing                     : YES
ROM Style                          : Auto
Mux Extraction                     : Yes
Resource Sharing                   : YES
Asynchronous To Synchronous        : NO
Multiplier Style                   : Auto
Automatic Register Balancing       : No

---- Target Options
Add IO Buffers                     : YES
Global Maximum Fanout              : 100000
Add Generic Clock Buffer(BUFG)     : 24
Register Duplication               : YES
Slice Packing                      : YES
Optimize Instantiated Primitives   : NO
Use Clock Enable                   : Yes
Use Synchronous Set                : Yes
Use Synchronous Reset              : Yes
Pack IO Registers into IOBs        : Auto
Equivalent register Removal        : YES

---- General Options
Optimization Goal                  : Speed
Optimization Effort                : 1
Keep Hierarchy                     : No
Netlist Hierarchy                  : As_Optimized
RTL Output                         : Yes
Global Optimization                : AllClockNets
Read Cores                         : YES
Write Timing Constraints           : NO
Cross Clock Analysis               : NO
Hierarchy Separator                : /
Bus Delimiter                      : <>
Case Specifier                     : Maintain
Slice Utilization Ratio            : 100
BRAM Utilization Ratio             : 100
Verilog 2001                       : YES
Auto BRAM Packing                  : NO
Slice Utilization Ratio Delta      : 5

=========================================================================


=========================================================================
*                          HDL Compilation                              *
=========================================================================
Compiling verilog file "Register_File_main.v" in library work
Module <Register_File_main> compiled
No errors in compilation
Analysis of file <"Register_File_main.prj"> succeeded.
 

=========================================================================
*                     Design Hierarchy Analysis                         *
=========================================================================
Analyzing hierarchy for module <Register_File_main> in library <work>.


=========================================================================
*                            HDL Analysis                               *
=========================================================================
Analyzing top module <Register_File_main>.
Module <Register_File_main> is correct for synthesis.
 

=========================================================================
*                           HDL Synthesis                               *
=========================================================================

Performing bidirectional port resolution...

Synthesizing Unit <Register_File_main>.
    Related source file is "Register_File_main.v".
    Found 16-bit 16-to-1 multiplexer for signal <read_data_1>.
    Found 16-bit 16-to-1 multiplexer for signal <read_data_2>.
    Found 256-bit register for signal <reg_file>.
INFO:Xst:738 - HDL ADVISOR - 256 flip-flops were inferred for signal <reg_file>. You may be trying to describe a RAM in a way that is incompatible with block and distributed RAM resources available on Xilinx devices, or with a specific template that is not supported. Please review the Xilinx resources documentation and the XST user manual for coding guidelines. Taking advantage of RAM resources will lead to improved device usage and reduced synthesis time.
    Summary:
	inferred 256 D-type flip-flop(s).
	inferred  32 Multiplexer(s).
Unit <Register_File_main> synthesized.


=========================================================================
HDL Synthesis Report

Macro Statistics
# Registers                                            : 16
 16-bit register                                       : 16
# Multiplexers                                         : 2
 16-bit 16-to-1 multiplexer                            : 2

=========================================================================

=========================================================================
*                       Advanced HDL Synthesis                          *
=========================================================================


=========================================================================
Advanced HDL Synthesis Report

Macro Statistics
# Registers                                            : 256
 Flip-Flops                                            : 256
# Multiplexers                                         : 32
 1-bit 16-to-1 multiplexer                             : 32

=========================================================================

=========================================================================
*                         Low Level Synthesis                           *
=========================================================================

Optimizing unit <Register_File_main> ...

Mapping all equations...
Building and optimizing final netlist ...
Found area constraint ratio of 100 (+ 5) on block Register_File_main, actual ratio is 28.

Final Macro Processing ...

=========================================================================
Final Register Report

Macro Statistics
# Registers                                            : 256
 Flip-Flops                                            : 256

=========================================================================

=========================================================================
*                           Partition Report                            *
=========================================================================

Partition Implementation Status
-------------------------------

  No Partitions were found in this design.

-------------------------------

=========================================================================
*                            Final Report                               *
=========================================================================
Final Results
RTL Top Level Output File Name     : Register_File_main.ngr
Top Level Output File Name         : Register_File_main
Output Format                      : NGC
Optimization Goal                  : Speed
Keep Hierarchy                     : No

Design Statistics
# IOs                              : 63

Cell Usage :
# BELS                             : 500
#      LUT2                        : 4
#      LUT3                        : 256
#      LUT4                        : 16
#      MUXF5                       : 128
#      MUXF6                       : 64
#      MUXF7                       : 32
# FlipFlops/Latches                : 256
#      FDCE                        : 256
# Clock Buffers                    : 1
#      BUFGP                       : 1
# IO Buffers                       : 62
#      IBUF                        : 30
#      OBUF                        : 32
=========================================================================

Device utilization summary:
---------------------------

Selected Device : 3s100evq100-5 

 Number of Slices:                      276  out of    960    28%  
 Number of Slice Flip Flops:            256  out of   1920    13%  
 Number of 4 input LUTs:                276  out of   1920    14%  
 Number of IOs:                          63
 Number of bonded IOBs:                  63  out of     66    95%  
 Number of GCLKs:                         1  out of     24     4%  

---------------------------
Partition Resource Summary:
---------------------------

  No Partitions were found in this design.

---------------------------


=========================================================================
TIMING REPORT

NOTE: THESE TIMING NUMBERS ARE ONLY A SYNTHESIS ESTIMATE.
      FOR ACCURATE TIMING INFORMATION PLEASE REFER TO THE TRACE REPORT
      GENERATED AFTER PLACE-and-ROUTE.

Clock Information:
------------------
-----------------------------------+------------------------+-------+
Clock Signal                       | Clock buffer(FF name)  | Load  |
-----------------------------------+------------------------+-------+
clk                                | BUFGP                  | 256   |
-----------------------------------+------------------------+-------+

Asynchronous Control Signals Information:
----------------------------------------
-----------------------------------+------------------------+-------+
Control Signal                     | Buffer(FF name)        | Load  |
-----------------------------------+------------------------+-------+
rst                                | IBUF                   | 256   |
-----------------------------------+------------------------+-------+

Timing Summary:
---------------
Speed Grade: -5

   Minimum period: No path found
   Minimum input arrival time before clock: 5.208ns
   Maximum output required time after clock: 6.281ns
   Maximum combinational path delay: 7.675ns

Timing Detail:
--------------
All values displayed in nanoseconds (ns)

=========================================================================
Timing constraint: Default OFFSET IN BEFORE for Clock 'clk'
  Total number of paths / destination ports: 1536 / 512
-------------------------------------------------------------------------
Offset:              5.208ns (Levels of Logic = 3)
  Source:            wr_en (PAD)
  Destination:       reg_file_12_0 (FF)
  Destination Clock: clk rising

  Data Path: wr_en to reg_file_12_0
                                Gate     Net
    Cell:in->out      fanout   Delay   Delay  Logical Name (Net Name)
    ----------------------------------------  ------------
     IBUF:I->O            13   1.106   0.988  wr_en_IBUF (wr_en_IBUF)
     LUT2:I0->O            4   0.612   0.529  reg_file_8_not0001_SW0 (N8)
     LUT4:I2->O           16   0.612   0.879  reg_file_12_not0001 (reg_file_12_not0001)
     FDCE:CE                   0.483          reg_file_12_0
    ----------------------------------------
    Total                      5.208ns (2.813ns logic, 2.395ns route)
                                       (54.0% logic, 46.0% route)

=========================================================================
Timing constraint: Default OFFSET OUT AFTER for Clock 'clk'
  Total number of paths / destination ports: 512 / 32
-------------------------------------------------------------------------
Offset:              6.281ns (Levels of Logic = 5)
  Source:            reg_file_0_15 (FF)
  Destination:       read_data_1<15> (PAD)
  Source Clock:      clk rising

  Data Path: reg_file_0_15 to read_data_1<15>
                                Gate     Net
    Cell:in->out      fanout   Delay   Delay  Logical Name (Net Name)
    ----------------------------------------  ------------
     FDCE:C->Q             2   0.514   0.449  reg_file_0_15 (reg_file_0_15)
     LUT3:I1->O            1   0.612   0.000  mux6_8 (mux6_8)
     MUXF5:I0->O           1   0.278   0.000  mux6_6_f5 (mux6_6_f5)
     MUXF6:I0->O           1   0.451   0.000  mux6_4_f6 (mux6_4_f6)
     MUXF7:I0->O           1   0.451   0.357  mux6_2_f7 (read_data_1_15_OBUF)
     OBUF:I->O                 3.169          read_data_1_15_OBUF (read_data_1<15>)
    ----------------------------------------
    Total                      6.281ns (5.475ns logic, 0.806ns route)
                                       (87.2% logic, 12.8% route)

=========================================================================
Timing constraint: Default path analysis
  Total number of paths / destination ports: 480 / 32
-------------------------------------------------------------------------
Delay:               7.675ns (Levels of Logic = 6)
  Source:            read_add_1<0> (PAD)
  Destination:       read_data_1<15> (PAD)

  Data Path: read_add_1<0> to read_data_1<15>
                                Gate     Net
    Cell:in->out      fanout   Delay   Delay  Logical Name (Net Name)
    ----------------------------------------  ------------
     IBUF:I->O           128   1.106   1.251  read_add_1_0_IBUF (read_add_1_0_IBUF)
     LUT3:I0->O            1   0.612   0.000  mux_5 (mux_5)
     MUXF5:I1->O           1   0.278   0.000  mux_4_f5 (mux_4_f5)
     MUXF6:I1->O           1   0.451   0.000  mux_3_f6 (mux_3_f6)
     MUXF7:I1->O           1   0.451   0.357  mux_2_f7 (read_data_1_0_OBUF)
     OBUF:I->O                 3.169          read_data_1_0_OBUF (read_data_1<0>)
    ----------------------------------------
    Total                      7.675ns (6.067ns logic, 1.608ns route)
                                       (79.1% logic, 20.9% route)

=========================================================================


Total REAL time to Xst completion: 6.00 secs
Total CPU time to Xst completion: 5.49 secs
 
--> 

Total memory usage is 234868 kilobytes

Number of errors   :    0 (   0 filtered)
Number of warnings :    0 (   0 filtered)
Number of infos    :    1 (   0 filtered)

