MO Reg_File_Main NULL Reg_File_Main.v vlg79/_reg___file___main.bin 1670601028
MO Reg_1B NULL Reg.v vlg58/_reg__1_b.bin 1670601028
MO Reg_File NULL Reg_File.v vlg29/_reg___file.bin 1670567218
MO Reg_File_16B NULL Reg_File.v vlg15/_reg___file__16_b.bin 1670601028
MO Reg NULL Reg.v vlg62/_reg.bin 1670566541
