Release 14.7 - xst P.20131013 (nt)
Copyright (c) 1995-2013 Xilinx, Inc.  All rights reserved.
--> Parameter TMPDIR set to xst/projnav.tmp


Total REAL time to Xst completion: 0.00 secs
Total CPU time to Xst completion: 0.12 secs
 
--> Parameter xsthdpdir set to xst


Total REAL time to Xst completion: 0.00 secs
Total CPU time to Xst completion: 0.12 secs
 
--> Reading design: system_cpu_master.prj

TABLE OF CONTENTS
  1) Synthesis Options Summary
  2) HDL Compilation
  3) Design Hierarchy Analysis
  4) HDL Analysis
  5) HDL Synthesis
     5.1) HDL Synthesis Report
  6) Advanced HDL Synthesis
     6.1) Advanced HDL Synthesis Report
  7) Low Level Synthesis
  8) Partition Report
  9) Final Report
	9.1) Device utilization summary
	9.2) Partition Resource Summary
	9.3) TIMING REPORT


=========================================================================
*                      Synthesis Options Summary                        *
=========================================================================
---- Source Parameters
Input File Name                    : "system_cpu_master.prj"
Input Format                       : mixed
Ignore Synthesis Constraint File   : NO

---- Target Parameters
Output File Name                   : "system_cpu_master"
Output Format                      : NGC
Target Device                      : xc3s500e-4-fg320

---- Source Options
Top Module Name                    : system_cpu_master
Automatic FSM Extraction           : YES
FSM Encoding Algorithm             : Auto
Safe Implementation                : No
FSM Style                          : LUT
RAM Extraction                     : Yes
RAM Style                          : Auto
ROM Extraction                     : Yes
Mux Style                          : Auto
Decoder Extraction                 : YES
Priority Encoder Extraction        : Yes
Shift Register Extraction          : YES
Logical Shifter Extraction         : YES
XOR Collapsing                     : YES
ROM Style                          : Auto
Mux Extraction                     : Yes
Resource Sharing                   : YES
Asynchronous To Synchronous        : NO
Multiplier Style                   : Auto
Automatic Register Balancing       : No

---- Target Options
Add IO Buffers                     : YES
Global Maximum Fanout              : 100000
Add Generic Clock Buffer(BUFG)     : 24
Register Duplication               : YES
Slice Packing                      : YES
Optimize Instantiated Primitives   : NO
Use Clock Enable                   : Yes
Use Synchronous Set                : Yes
Use Synchronous Reset              : Yes
Pack IO Registers into IOBs        : Auto
Equivalent register Removal        : YES

---- General Options
Optimization Goal                  : Speed
Optimization Effort                : 1
Keep Hierarchy                     : No
Netlist Hierarchy                  : As_Optimized
RTL Output                         : Yes
Global Optimization                : AllClockNets
Read Cores                         : YES
Write Timing Constraints           : NO
Cross Clock Analysis               : NO
Hierarchy Separator                : /
Bus Delimiter                      : <>
Case Specifier                     : Maintain
Slice Utilization Ratio            : 100
BRAM Utilization Ratio             : 100
Verilog 2001                       : YES
Auto BRAM Packing                  : NO
Slice Utilization Ratio Delta      : 5

=========================================================================


=========================================================================
*                          HDL Compilation                              *
=========================================================================
Compiling verilog file "Register_File_main.v" in library work
Compiling verilog file "Program_Counter.v" in library work
Module <Register_File_main> compiled
Compiling verilog file "MUX2x1_Br.v" in library work
Module <Program_Counter> compiled
Compiling verilog file "MUX2x1.v" in library work
Module <MUX2x1_Br> compiled
Compiling verilog file "Control_Unit.v" in library work
Module <MUX2x1> compiled
Compiling verilog file "ALU_Main.v" in library work
Module <Control_Unit> compiled
Compiling verilog file "Instruction_memory.v" in library work
Module <ALU_Main> compiled
Compiling verilog file "Data_Memory_main.v" in library work
Module <Instruction_memory> compiled
Compiling verilog file "cpu_main.v" in library work
Module <Data_Memory_main> compiled
Compiling verilog file "system_cpu_master.v" in library work
Module <cpu_core> compiled
Module <system_cpu_master> compiled
No errors in compilation
Analysis of file <"system_cpu_master.prj"> succeeded.
 

=========================================================================
*                     Design Hierarchy Analysis                         *
=========================================================================
Analyzing hierarchy for module <system_cpu_master> in library <work>.

Analyzing hierarchy for module <cpu_core> in library <work>.

Analyzing hierarchy for module <Instruction_memory> in library <work>.

Analyzing hierarchy for module <Data_Memory_main> in library <work>.

Analyzing hierarchy for module <Program_Counter> in library <work>.

Analyzing hierarchy for module <Register_File_main> in library <work>.

Analyzing hierarchy for module <Control_Unit> in library <work>.

Analyzing hierarchy for module <MUX2x1> in library <work>.

Analyzing hierarchy for module <ALU_Main> in library <work>.

Analyzing hierarchy for module <MUX2x1_Br> in library <work>.


=========================================================================
*                            HDL Analysis                               *
=========================================================================
Analyzing top module <system_cpu_master>.
Module <system_cpu_master> is correct for synthesis.
 
Analyzing module <cpu_core> in library <work>.
Module <cpu_core> is correct for synthesis.
 
Analyzing module <Program_Counter> in library <work>.
Module <Program_Counter> is correct for synthesis.
 
Analyzing module <Register_File_main> in library <work>.
Module <Register_File_main> is correct for synthesis.
 
Analyzing module <Control_Unit> in library <work>.
Module <Control_Unit> is correct for synthesis.
 
Analyzing module <MUX2x1> in library <work>.
Module <MUX2x1> is correct for synthesis.
 
Analyzing module <ALU_Main> in library <work>.
Module <ALU_Main> is correct for synthesis.
 
Analyzing module <MUX2x1_Br> in library <work>.
Module <MUX2x1_Br> is correct for synthesis.
 
Analyzing module <Instruction_memory> in library <work>.
INFO:Xst:2546 - "Instruction_memory.v" line 19: reading initialization file "instruction_memory.txt".
Module <Instruction_memory> is correct for synthesis.
 
Analyzing module <Data_Memory_main> in library <work>.
Module <Data_Memory_main> is correct for synthesis.
 

=========================================================================
*                           HDL Synthesis                               *
=========================================================================

Performing bidirectional port resolution...

Synthesizing Unit <Instruction_memory>.
    Related source file is "Instruction_memory.v".
WARNING:Xst:1781 - Signal <instr_mem> is used but never assigned. Tied to default value.
    Found 64x16-bit ROM for signal <$varindex0000> created at line 23.
    Found 16-bit register for signal <data_out>.
    Summary:
	inferred   1 ROM(s).
	inferred  16 D-type flip-flop(s).
Unit <Instruction_memory> synthesized.


Synthesizing Unit <Data_Memory_main>.
    Related source file is "Data_Memory_main.v".
    Found 16-bit register for signal <data_out>.
    Found 1024-bit register for signal <mem>.
INFO:Xst:738 - HDL ADVISOR - 1024 flip-flops were inferred for signal <mem>. You may be trying to describe a RAM in a way that is incompatible with block and distributed RAM resources available on Xilinx devices, or with a specific template that is not supported. Please review the Xilinx resources documentation and the XST user manual for coding guidelines. Taking advantage of RAM resources will lead to improved device usage and reduced synthesis time.
    Summary:
	inferred 1040 D-type flip-flop(s).
	inferred  16 Multiplexer(s).
Unit <Data_Memory_main> synthesized.


Synthesizing Unit <Program_Counter>.
    Related source file is "Program_Counter.v".
    Found 6-bit register for signal <pc_out>.
    Summary:
	inferred   6 D-type flip-flop(s).
Unit <Program_Counter> synthesized.


Synthesizing Unit <Register_File_main>.
    Related source file is "Register_File_main.v".
    Found 16-bit 16-to-1 multiplexer for signal <read_data_1>.
    Found 16-bit 16-to-1 multiplexer for signal <read_data_2>.
    Found 256-bit register for signal <reg_file>.
INFO:Xst:738 - HDL ADVISOR - 256 flip-flops were inferred for signal <reg_file>. You may be trying to describe a RAM in a way that is incompatible with block and distributed RAM resources available on Xilinx devices, or with a specific template that is not supported. Please review the Xilinx resources documentation and the XST user manual for coding guidelines. Taking advantage of RAM resources will lead to improved device usage and reduced synthesis time.
    Summary:
	inferred 256 D-type flip-flop(s).
	inferred  32 Multiplexer(s).
Unit <Register_File_main> synthesized.


Synthesizing Unit <Control_Unit>.
    Related source file is "Control_Unit.v".
    Found 16x15-bit ROM for signal <opcode$rom0000>.
    Summary:
	inferred   1 ROM(s).
Unit <Control_Unit> synthesized.


Synthesizing Unit <MUX2x1>.
    Related source file is "MUX2x1.v".
Unit <MUX2x1> synthesized.


Synthesizing Unit <ALU_Main>.
    Related source file is "ALU_Main.v".
WARNING:Xst:643 - "ALU_Main.v" line 67: The result of a 16x16-bit multiplication is partially used. Only the 16 least significant bits are used. If you are doing this on purpose, you may safely ignore this warning. Otherwise, make sure you are not losing information, leading to unexpected circuit behavior.
    Found 16-bit 8-to-1 multiplexer for signal <d_out>.
    Found 16-bit adder for signal <d_out1>.
    Found 16x16-bit multiplier for signal <d_out2$mult0001> created at line 67.
    Found 16-bit comparator greater for signal <d_out6>.
    Found 16-bit comparator less for signal <d_out7>.
    Found 16-bit subtractor for signal <d_out8>.
    Summary:
	inferred   2 Adder/Subtractor(s).
	inferred   1 Multiplier(s).
	inferred   2 Comparator(s).
	inferred  16 Multiplexer(s).
Unit <ALU_Main> synthesized.


Synthesizing Unit <MUX2x1_Br>.
    Related source file is "MUX2x1_Br.v".
Unit <MUX2x1_Br> synthesized.


Synthesizing Unit <cpu_core>.
    Related source file is "cpu_main.v".
    Found 6-bit adder for signal <pc_next>.
    Summary:
	inferred   1 Adder/Subtractor(s).
Unit <cpu_core> synthesized.


Synthesizing Unit <system_cpu_master>.
    Related source file is "system_cpu_master.v".
Unit <system_cpu_master> synthesized.


=========================================================================
HDL Synthesis Report

Macro Statistics
# ROMs                                                 : 2
 16x15-bit ROM                                         : 1
 64x16-bit ROM                                         : 1
# Multipliers                                          : 1
 16x16-bit multiplier                                  : 1
# Adders/Subtractors                                   : 3
 16-bit adder                                          : 1
 16-bit subtractor                                     : 1
 6-bit adder                                           : 1
# Registers                                            : 83
 16-bit register                                       : 82
 6-bit register                                        : 1
# Comparators                                          : 2
 16-bit comparator greater                             : 1
 16-bit comparator less                                : 1
# Multiplexers                                         : 19
 1-bit 8-to-1 multiplexer                              : 16
 16-bit 16-to-1 multiplexer                            : 2
 16-bit 64-to-1 multiplexer                            : 1

=========================================================================

=========================================================================
*                       Advanced HDL Synthesis                          *
=========================================================================


Synthesizing (advanced) Unit <Instruction_memory>.
INFO:Xst:3044 - The ROM <Mrom__varindex0000> will be implemented as a read-only BLOCK RAM, absorbing the register: <data_out>.
INFO:Xst:3225 - The RAM <Mrom__varindex0000> will be implemented as BLOCK RAM
    -----------------------------------------------------------------------
    | ram_type           | Block                               |          |
    -----------------------------------------------------------------------
    | Port A                                                              |
    |     aspect ratio   | 64-word x 16-bit                    |          |
    |     mode           | write-first                         |          |
    |     clkA           | connected to signal <clk>           | rise     |
    |     weA            | connected to internal node          | high     |
    |     addrA          | connected to signal <pc_in>         |          |
    |     diA            | connected to internal node          |          |
    |     doA            | connected to signal <data_out>      |          |
    -----------------------------------------------------------------------
    | optimization       | speed                               |          |
    -----------------------------------------------------------------------
Unit <Instruction_memory> synthesized (advanced).

=========================================================================
Advanced HDL Synthesis Report

Macro Statistics
# RAMs                                                 : 1
 64x16-bit single-port block RAM                       : 1
# ROMs                                                 : 1
 16x15-bit ROM                                         : 1
# Multipliers                                          : 1
 16x16-bit multiplier                                  : 1
# Adders/Subtractors                                   : 3
 16-bit adder                                          : 1
 16-bit subtractor                                     : 1
 6-bit adder                                           : 1
# Registers                                            : 1302
 Flip-Flops                                            : 1302
# Comparators                                          : 2
 16-bit comparator greater                             : 1
 16-bit comparator less                                : 1
# Multiplexers                                         : 49
 1-bit 16-to-1 multiplexer                             : 32
 1-bit 8-to-1 multiplexer                              : 16
 16-bit 64-to-1 multiplexer                            : 1

=========================================================================

=========================================================================
*                         Low Level Synthesis                           *
=========================================================================

Optimizing unit <system_cpu_master> ...

Optimizing unit <Data_Memory_main> ...

Optimizing unit <Register_File_main> ...

Optimizing unit <ALU_Main> ...

Optimizing unit <cpu_core> ...

Mapping all equations...
Building and optimizing final netlist ...
Found area constraint ratio of 100 (+ 5) on block system_cpu_master, actual ratio is 26.

Final Macro Processing ...

=========================================================================
Final Register Report

Macro Statistics
# Registers                                            : 1302
 Flip-Flops                                            : 1302

=========================================================================

=========================================================================
*                           Partition Report                            *
=========================================================================

Partition Implementation Status
-------------------------------

  No Partitions were found in this design.

-------------------------------

=========================================================================
*                            Final Report                               *
=========================================================================
Final Results
RTL Top Level Output File Name     : system_cpu_master.ngr
Top Level Output File Name         : system_cpu_master
Output Format                      : NGC
Optimization Goal                  : Speed
Keep Hierarchy                     : No

Design Statistics
# IOs                              : 18

Cell Usage :
# BELS                             : 1968
#      GND                         : 1
#      LUT2                        : 32
#      LUT3                        : 892
#      LUT3_D                      : 11
#      LUT3_L                      : 1
#      LUT4                        : 181
#      LUT4_D                      : 13
#      LUT4_L                      : 15
#      MUXCY                       : 62
#      MUXF5                       : 406
#      MUXF6                       : 193
#      MUXF7                       : 96
#      MUXF8                       : 32
#      VCC                         : 1
#      XORCY                       : 32
# FlipFlops/Latches                : 1302
#      FDC                         : 6
#      FDCE                        : 512
#      FDE                         : 784
# RAMS                             : 1
#      RAMB16_S18                  : 1
# Clock Buffers                    : 1
#      BUFGP                       : 1
# IO Buffers                       : 17
#      IBUF                        : 1
#      OBUF                        : 16
# MULTs                            : 1
#      MULT18X18SIO                : 1
=========================================================================

Device utilization summary:
---------------------------

Selected Device : 3s500efg320-4 

 Number of Slices:                     1258  out of   4656    27%  
 Number of Slice Flip Flops:           1302  out of   9312    13%  
 Number of 4 input LUTs:               1145  out of   9312    12%  
 Number of IOs:                          18
 Number of bonded IOBs:                  18  out of    232     7%  
 Number of BRAMs:                         1  out of     20     5%  
 Number of MULT18X18SIOs:                 1  out of     20     5%  
 Number of GCLKs:                         1  out of     24     4%  

---------------------------
Partition Resource Summary:
---------------------------

  No Partitions were found in this design.

---------------------------


=========================================================================
TIMING REPORT

NOTE: THESE TIMING NUMBERS ARE ONLY A SYNTHESIS ESTIMATE.
      FOR ACCURATE TIMING INFORMATION PLEASE REFER TO THE TRACE REPORT
      GENERATED AFTER PLACE-and-ROUTE.

Clock Information:
------------------
-----------------------------------+------------------------+-------+
Clock Signal                       | Clock buffer(FF name)  | Load  |
-----------------------------------+------------------------+-------+
clk                                | BUFGP                  | 1303  |
-----------------------------------+------------------------+-------+

Asynchronous Control Signals Information:
----------------------------------------
-----------------------------------+------------------------+-------+
Control Signal                     | Buffer(FF name)        | Load  |
-----------------------------------+------------------------+-------+
rst                                | IBUF                   | 518   |
-----------------------------------+------------------------+-------+

Timing Summary:
---------------
Speed Grade: -4

   Minimum period: 20.496ns (Maximum Frequency: 48.789MHz)
   Minimum input arrival time before clock: 8.344ns
   Maximum output required time after clock: 4.310ns
   Maximum combinational path delay: No path found

Timing Detail:
--------------
All values displayed in nanoseconds (ns)

=========================================================================
Timing constraint: Default period analysis for Clock 'clk'
  Clock period: 20.496ns (frequency: 48.789MHz)
  Total number of paths / destination ports: 13840225 / 2604
-------------------------------------------------------------------------
Delay:               20.496ns (Levels of Logic = 14)
  Source:            flash/Mrom__varindex0000 (RAM)
  Destination:       ram/data_out_15 (FF)
  Source Clock:      clk rising
  Destination Clock: clk rising

  Data Path: flash/Mrom__varindex0000 to ram/data_out_15
                                Gate     Net
    Cell:in->out      fanout   Delay   Delay  Logical Name (Net Name)
    ----------------------------------------  ------------
     RAMB16_S18:CLK->DO0  133   2.800   1.329  flash/Mrom__varindex0000 (instr_mem_to_cpu<0>)
     LUT3:I2->O            1   0.704   0.000  core/reg_file/mux16_8 (core/reg_file/mux16_8)
     MUXF5:I0->O           1   0.321   0.000  core/reg_file/mux16_6_f5 (core/reg_file/mux16_6_f5)
     MUXF6:I0->O           1   0.521   0.000  core/reg_file/mux16_4_f6 (core/reg_file/mux16_4_f6)
     MUXF7:I0->O          65   0.521   1.308  core/reg_file/mux16_2_f7 (data_cpu_to_mem<0>)
     LUT3:I2->O            6   0.704   0.669  core/mxalusrc/out<0>1 (core/alu_src_2<0>)
     MULT18X18SIO:B0->P1    1   3.657   0.455  core/alu/Mmult_d_out2_mult0001 (core/alu/d_out2<1>)
     LUT3:I2->O            1   0.704   0.000  core/alu/Mmux_d_out<1>_7 (core/alu/Mmux_d_out<1>_7)
     MUXF5:I0->O           4   0.321   0.622  core/alu/Mmux_d_out<1>_5_f5 (core/alu/Mmux_d_out<1>_5_f5)
     LUT3:I2->O          290   0.704   1.344  core/alu/alu_op<2>14 (addr_cpu_to_mem<1>)
     MUXF5:S->O            1   0.739   0.000  ram/Mmux__COND_1_8_f5 (ram/Mmux__COND_1_8_f5)
     MUXF6:I1->O           1   0.521   0.000  ram/Mmux__COND_1_7_f6 (ram/Mmux__COND_1_7_f6)
     MUXF7:I1->O           1   0.521   0.000  ram/Mmux__COND_1_6_f7 (ram/Mmux__COND_1_6_f7)
     MUXF8:I1->O           1   0.521   0.499  ram/Mmux__COND_1_5_f8 (ram/Mmux__COND_1_5_f8)
     LUT3:I1->O            1   0.704   0.000  ram/mem_address<5>1 (ram/_COND_1<0>)
     FDE:D                     0.308          ram/data_out_0
    ----------------------------------------
    Total                     20.496ns (14.271ns logic, 6.225ns route)
                                       (69.6% logic, 30.4% route)

=========================================================================
Timing constraint: Default OFFSET IN BEFORE for Clock 'clk'
  Total number of paths / destination ports: 784 / 784
-------------------------------------------------------------------------
Offset:              8.344ns (Levels of Logic = 4)
  Source:            rst (PAD)
  Destination:       ram/mem_63_15 (FF)
  Destination Clock: clk rising

  Data Path: rst to ram/mem_63_15
                                Gate     Net
    Cell:in->out      fanout   Delay   Delay  Logical Name (Net Name)
    ----------------------------------------  ------------
     IBUF:I->O           522   1.218   1.585  rst_IBUF (rst_IBUF)
     LUT2:I0->O            1   0.704   0.499  core/alu/alu_op<2>8_SW1 (N30)
     LUT4_D:I1->O         31   0.704   1.341  ram/mem_32_and000071 (ram/mem_32_and0000_bdd8)
     LUT4:I1->O           16   0.704   1.034  ram/mem_46_and000011 (ram/mem_46_and0000)
     FDE:CE                    0.555          ram/mem_46_0
    ----------------------------------------
    Total                      8.344ns (3.885ns logic, 4.459ns route)
                                       (46.6% logic, 53.4% route)

=========================================================================
Timing constraint: Default OFFSET OUT AFTER for Clock 'clk'
  Total number of paths / destination ports: 16 / 16
-------------------------------------------------------------------------
Offset:              4.310ns (Levels of Logic = 1)
  Source:            ram/data_out_15 (FF)
  Destination:       data_mem_to_cpu<15> (PAD)
  Source Clock:      clk rising

  Data Path: ram/data_out_15 to data_mem_to_cpu<15>
                                Gate     Net
    Cell:in->out      fanout   Delay   Delay  Logical Name (Net Name)
    ----------------------------------------  ------------
     FDE:C->Q              2   0.591   0.447  ram/data_out_15 (ram/data_out_15)
     OBUF:I->O                 3.272          data_mem_to_cpu_15_OBUF (data_mem_to_cpu<15>)
    ----------------------------------------
    Total                      4.310ns (3.863ns logic, 0.447ns route)
                                       (89.6% logic, 10.4% route)

=========================================================================


Total REAL time to Xst completion: 10.00 secs
Total CPU time to Xst completion: 10.15 secs
 
--> 

Total memory usage is 248564 kilobytes

Number of errors   :    0 (   0 filtered)
Number of warnings :    2 (   0 filtered)
Number of infos    :    5 (   0 filtered)

